// Jest Snapshot v1, https://goo.gl/fbAQLP

exports[`Count matches component snapshot 1`] = `
[
  <h1>
    react-node-isomorphic-minimal app
  </h1>,
  <section>
    <h2>
      Redux counter
    </h2>
    <div>
      <p>
        The button has been clicked 0 times.
      </p>
      <button
        className="primary center"
        id="storeButton"
        label="click this"
        onClick={[Function]}
        type="button"
      >
        Click this
      </button>
    </div>
  </section>,
  <section>
    <h2>
      Component counter
    </h2>
    <div>
      <p>
        The button has been clicked 0 times.
      </p>
      <button
        className="primary center"
        id="stateButton"
        label="click this"
        onClick={[Function]}
        type="button"
      >
        Click this
      </button>
    </div>
  </section>,
  <section>
    <h2>
      Date API
    </h2>
    <div>
      <p>
        The date and time on the server is undefined and the status is undefined.
      </p>
      <button
        className="primary center"
        id="apiButton"
        label="get API date/time"
        onClick={[Function]}
        type="button"
      >
        Click this
      </button>
    </div>
  </section>,
]
`;
