// Jest Snapshot v1, https://jestjs.io/docs/snapshot-testing

exports[`Count matches component snapshot 1`] = `
<DocumentFragment>
  <h1>
    react-node-isomorphic-minimal app
  </h1>
  <section>
    <h2>
      Redux counter
    </h2>
    <div>
      <p>
        The button has been clicked 0 times.
      </p>
      <button
        class="primary center"
        id="storeButton"
        label="click this"
        type="button"
      >
        Click this
      </button>
    </div>
  </section>
  <section>
    <h2>
      Component counter
    </h2>
    <div>
      <p>
        The button has been clicked 0 times.
      </p>
      <button
        class="primary center"
        id="stateButton"
        label="click this"
        type="button"
      >
        Click this
      </button>
    </div>
  </section>
  <section>
    <h2>
      Date API
    </h2>
    <div>
      <p>
        The date and time on the server is undefined and the status is undefined.
      </p>
      <button
        class="primary center"
        id="apiButton"
        label="get API date/time"
        type="button"
      >
        Click this
      </button>
    </div>
  </section>
  <section>
    <h2>
      Client-side Lazy loading
    </h2>
    <div>
      Loading...
    </div>
  </section>
  <section>
    <h2>
      Context
    </h2>
    <div>
      <p>
        The current theme is light.
      </p>
      <button
        class="primary center"
        id="toggleTheme"
        type="button"
      >
        Toggle
      </button>
    </div>
  </section>
</DocumentFragment>
`;
