// Jest Snapshot v1, https://jestjs.io/docs/snapshot-testing

exports[`NoMatch matches component snapshot 1`] = `
<DocumentFragment>
  <h1>
    404 - Not Found
  </h1>
  <h3>
    Try one of these instead:
  </h3>
  <ul
    class="no-list-style"
  >
    <li>
      <a
        data-discover="true"
        href="/"
      >
        /
      </a>
    </li>
    <li>
      <a
        data-discover="true"
        href="/foo"
      >
        /foo
      </a>
    </li>
  </ul>
</DocumentFragment>
`;
